Microchip MPLAB XC8 Compiler V2.32

Linker command line:

-W-3 --edf=C:\Program Files\Microchip\xc8\v2.32\pic\dat\en_msgs.txt -cn \
  -h+dist/default/production\She-Ra_Lighter.X.production.sym \
  --cmf=dist/default/production\She-Ra_Lighter.X.production.cmf -z \
  -Q16F15224 -oC:\Users\dinku\AppData\Local\Temp\xcAs1ns.4 \
  --defsym=__MPLAB_BUILD=1 \
  -Mdist/default/production/She-Ra_Lighter.X.production.map -E1 \
  -ver=XC8 Compiler --acfsm=1493 -ASTACK=0205Ch-021EFh -pstack=STACK \
  -ACODE=00h-07FFhx2 -ASTRCODE=00h-0FFFh -ASTRING=00h-0FFhx16 \
  -ACONST=00h-0FFhx16 -AENTRY=00h-0FFhx16 -ACOMMON=070h-07Fh \
  -ABANK0=020h-06Fh -ABANK1=0A0h-0EFh -ABANK2=0120h-016Fh \
  -ABANK3=01A0h-01EFh -ABANK4=0220h-026Fh -ABANK5=02A0h-02EFh \
  -ABANK6=0320h-032Fh -ABIGRAM=02000h-021EFh \
  -ARAM=020h-06Fh,0A0h-0EFh,0120h-016Fh,01A0h-01EFh,0220h-026Fh,02A0h-02EFh,0320h-032Fh \
  -AABS1=020h-07Fh,0A0h-0EFh,0120h-016Fh,01A0h-01EFh,0220h-026Fh,02A0h-02EFh,0320h-032Fh \
  -ASFR0=00h-01Fh -ASFR1=080h-09Fh -ASFR2=0100h-011Fh -ASFR3=0180h-019Fh \
  -ASFR4=0200h-021Fh -ASFR5=0280h-029Fh -ASFR6=0300h-031Fh \
  -ASFR7=0380h-03EFh -ASFR8=0400h-046Fh -ASFR9=0480h-04EFh \
  -ASFR10=0500h-056Fh -ASFR11=0580h-05EFh -ASFR12=0600h-066Fh \
  -ASFR13=0680h-06EFh -ASFR14=0700h-076Fh -ASFR15=0780h-07EFh \
  -ASFR16=0800h-086Fh -ASFR17=0880h-08EFh -ASFR18=0900h-096Fh \
  -ASFR19=0980h-09EFh -ASFR20=0A00h-0A6Fh -ASFR21=0A80h-0AEFh \
  -ASFR22=0B00h-0B6Fh -ASFR23=0B80h-0BEFh -ASFR24=0C00h-0C6Fh \
  -ASFR25=0C80h-0CEFh -ASFR26=0D00h-0D6Fh -ASFR27=0D80h-0DEFh \
  -ASFR28=0E00h-0E6Fh -ASFR29=0E80h-0EEFh -ASFR30=0F00h-0F6Fh \
  -ASFR31=0F80h-0FEFh -ASFR32=01000h-0106Fh -ASFR33=01080h-010EFh \
  -ASFR34=01100h-0116Fh -ASFR35=01180h-011EFh -ASFR36=01200h-0126Fh \
  -ASFR37=01280h-012EFh -ASFR38=01300h-0136Fh -ASFR39=01380h-013EFh \
  -ASFR40=01400h-0146Fh -ASFR41=01480h-014EFh -ASFR42=01500h-0156Fh \
  -ASFR43=01580h-015EFh -ASFR44=01600h-0166Fh -ASFR45=01680h-016EFh \
  -ASFR46=01700h-0176Fh -ASFR47=01780h-017EFh -ASFR48=01800h-0186Fh \
  -ASFR49=01880h-018EFh -ASFR50=01900h-0196Fh -ASFR51=01980h-019EFh \
  -ASFR52=01A00h-01A6Fh -ASFR53=01A80h-01AEFh -ASFR54=01B00h-01B6Fh \
  -ASFR55=01B80h-01BEFh -ASFR56=01C00h-01C6Fh -ASFR57=01C80h-01CEFh \
  -ASFR58=01D00h-01D6Fh -ASFR59=01D80h-01DEFh -ASFR60=01E00h-01E6Fh \
  -ASFR61=01E80h-01EEFh -ASFR62=01F00h-01F6Fh -ASFR63=01F80h-01FEFh \
  -ACONFIG=08007h-0800Bh -DCONFIG=2 -AIDLOC=08000h-08003h -DIDLOC=2 \
  -DCODE=2 -DSTRCODE=2 -DSTRING=2 -DCONST=2 -DENTRY=2 \
  -preset_vec=00h,intentry=04h,init,end_init -ppowerup=CODE -pcinit=CODE \
  -pfunctab=ENTRY -k C:\Users\dinku\AppData\Local\Temp\xcAs1ns.o \
  dist/default/production\She-Ra_Lighter.X.production.o 

Object code version is 3.11

Machine type is 16F15224



                Name                               Link     Load   Length Selector   Space Scale
C:\Users\dinku\AppData\Local\Temp\xcAs1ns.o
                end_init                             E6       E6        2        8       0
                reset_vec                             0        0        2        0       0
                config                             8007     8007        5        0       4
dist/default/production\She-Ra_Lighter.X.production.o
                cinit                                E8       E8       21        8       0
                intentry                              4        4       E2        8       0
                config                             8007     8007        5        0       4
                text13                              D4F      D4F        8     1A9E       0
                text12                              EB4      EB4       5F     1D68       0
                text10                              D73      D73       2C     1AE6       0
                text9                               E59      E59       5B     1CB2       0
                text8                               DCB      DCB       34     1B96       0
                text7                               D57      D57        C     1AAE       0
                text6                               F13      F13       ED     1E26       0
                text5                               D9F      D9F       2C     1B3E       0
                text4                               109      109      3F1        8       0
                text3                               4FA      4FA      21D        8       0
                text2                               DFF      DFF       5A     1BFE       0
                text1                               D63      D63       10     1AC6       0
                maintext                            717      717       E8        8       0
                cstackBANK0                          20       20       24       20       1
                cstackCOMMON                         70       70        9       70       1
                clrtext                             D49      D49        6     1A92       0
                bssBANK1                             A0       A0        C       A0       1
                dataBANK0                            65       65        2       20       1
                bssBANK0                             44       44       21       20       1
                bssCOMMON                            79       79        4       70       1
                bitbssCOMMON                        3E8       7D        1       70       1     8
                stringtext1                         7FF      7FF       24      FFE       0
                idataBANK0                            2        2        2        0       0

TOTAL           Name                               Link     Load   Length     Space
        CLASS   STACK          

        CLASS   CODE           
                end_init                             E6       E6        2         0
                cinit                                E8       E8       21         0
                intentry                              4        4       E2         0
                reset_vec                             0        0        2         0
                text13                              D4F      D4F        8         0
                text12                              EB4      EB4       5F         0
                text10                              D73      D73       2C         0
                text9                               E59      E59       5B         0
                text8                               DCB      DCB       34         0
                text7                               D57      D57        C         0
                text6                               F13      F13       ED         0
                text5                               D9F      D9F       2C         0
                text4                               109      109      3F1         0
                text3                               4FA      4FA      21D         0
                text2                               DFF      DFF       5A         0
                text1                               D63      D63       10         0
                maintext                            717      717       E8         0
                clrtext                             D49      D49        6         0
                idataBANK0                            2        2        2         0

        CLASS   STRCODE        
                stringtext1                         7FF      7FF       24         0

        CLASS   STRING         

        CLASS   CONST          

        CLASS   ENTRY          

        CLASS   COMMON         
                cstackCOMMON                         70       70        9         1
                bssCOMMON                            79       79        4         1
                bitbssCOMMON                        3E8       7D        1         1

        CLASS   BANK0          
                cstackBANK0                          20       20       24         1
                dataBANK0                            65       65        2         1
                bssBANK0                             44       44       21         1

        CLASS   BANK1          
                bssBANK1                             A0       A0        C         1

        CLASS   BANK2          

        CLASS   BANK3          

        CLASS   BANK4          

        CLASS   BANK5          

        CLASS   BANK6          

        CLASS   BIGRAM         

        CLASS   RAM            

        CLASS   ABS1           
                abs_s1                               7E       7E        2         1

        CLASS   SFR0           

        CLASS   SFR1           

        CLASS   SFR2           

        CLASS   SFR3           

        CLASS   SFR4           

        CLASS   SFR5           

        CLASS   SFR6           

        CLASS   SFR7           

        CLASS   SFR8           

        CLASS   SFR9           

        CLASS   SFR10          

        CLASS   SFR11          

        CLASS   SFR12          

        CLASS   SFR13          

        CLASS   SFR14          

        CLASS   SFR15          

        CLASS   SFR16          

        CLASS   SFR17          

        CLASS   SFR18          

        CLASS   SFR19          

        CLASS   SFR20          

        CLASS   SFR21          

        CLASS   SFR22          

        CLASS   SFR23          

        CLASS   SFR24          

        CLASS   SFR25          

        CLASS   SFR26          

        CLASS   SFR27          

        CLASS   SFR28          

        CLASS   SFR29          

        CLASS   SFR30          

        CLASS   SFR31          

        CLASS   SFR32          

        CLASS   SFR33          

        CLASS   SFR34          

        CLASS   SFR35          

        CLASS   SFR36          

        CLASS   SFR37          

        CLASS   SFR38          

        CLASS   SFR39          

        CLASS   SFR40          

        CLASS   SFR41          

        CLASS   SFR42          

        CLASS   SFR43          

        CLASS   SFR44          

        CLASS   SFR45          

        CLASS   SFR46          

        CLASS   SFR47          

        CLASS   SFR48          

        CLASS   SFR49          

        CLASS   SFR50          

        CLASS   SFR51          

        CLASS   SFR52          

        CLASS   SFR53          

        CLASS   SFR54          

        CLASS   SFR55          

        CLASS   SFR56          

        CLASS   SFR57          

        CLASS   SFR58          

        CLASS   SFR59          

        CLASS   SFR60          

        CLASS   SFR61          

        CLASS   SFR62          

        CLASS   SFR63          

        CLASS   CONFIG         
                config                             8007     8007        5         4

        CLASS   IDLOC          

        CLASS   BANK63         

        CLASS   BANK62         

        CLASS   BANK61         

        CLASS   BANK60         

        CLASS   BANK59         

        CLASS   BANK58         

        CLASS   BANK57         

        CLASS   BANK56         

        CLASS   BANK55         

        CLASS   BANK54         

        CLASS   BANK53         

        CLASS   BANK52         

        CLASS   BANK51         

        CLASS   BANK50         

        CLASS   BANK49         

        CLASS   BANK48         

        CLASS   BANK47         

        CLASS   BANK46         

        CLASS   BANK45         

        CLASS   BANK44         

        CLASS   BANK43         

        CLASS   BANK42         

        CLASS   BANK41         

        CLASS   BANK40         

        CLASS   BANK39         

        CLASS   BANK38         

        CLASS   BANK37         

        CLASS   BANK36         

        CLASS   BANK35         

        CLASS   BANK34         

        CLASS   BANK33         

        CLASS   BANK32         

        CLASS   BANK31         

        CLASS   BANK30         

        CLASS   BANK29         

        CLASS   BANK28         

        CLASS   BANK27         

        CLASS   BANK26         

        CLASS   BANK25         

        CLASS   BANK24         

        CLASS   BANK23         

        CLASS   BANK22         

        CLASS   BANK21         

        CLASS   BANK20         

        CLASS   BANK19         

        CLASS   BANK18         

        CLASS   BANK17         

        CLASS   BANK16         

        CLASS   BANK15         

        CLASS   BANK14         

        CLASS   BANK13         

        CLASS   BANK12         

        CLASS   BANK11         

        CLASS   BANK10         

        CLASS   BANK9          

        CLASS   BANK8          

        CLASS   BANK7          

        CLASS   EEDATA         



SEGMENTS        Name                           Load    Length   Top    Selector   Space  Class     Delta

                reset_vec                      000000  000004  000004         0       0  CODE        2
                intentry                       000004  0007FB  0007FF         8       0  CODE        2
                cstackBANK0                    000020  000047  000067        20       1  BANK0       1
                cstackCOMMON                   000070  00000E  00007E        70       1  COMMON      1
                bssBANK1                       0000A0  00000C  0000AC        A0       1  BANK1       1
                stringtext1                    0007FF  000024  000823       FFE       0  STRCODE     2
                clrtext                        000D49  000006  000D4F      1A92       0  CODE        2
                text13                         000D4F  000008  000D57      1A9E       0  CODE        2
                text7                          000D57  00000C  000D63      1AAE       0  CODE        2
                text1                          000D63  000010  000D73      1AC6       0  CODE        2
                text10                         000D73  00002C  000D9F      1AE6       0  CODE        2
                text5                          000D9F  00002C  000DCB      1B3E       0  CODE        2
                text8                          000DCB  000034  000DFF      1B96       0  CODE        2
                text2                          000DFF  00005A  000E59      1BFE       0  CODE        2
                text9                          000E59  00005B  000EB4      1CB2       0  CODE        2
                text12                         000EB4  00005F  000F13      1D68       0  CODE        2
                text6                          000F13  0000ED  001000      1E26       0  CODE        2


UNUSED ADDRESS RANGES

        Name                Unused          Largest block    Delta
        BANK0            00067-0006F               9           1
        BANK1            000AC-000EF              44           1
        BANK2            00120-0016F              50           1
        BANK3            001A0-001EF              50           1
        BANK4            00220-0026F              50           1
        BANK5            002A0-002EF              50           1
        BANK6            00320-0032F              10           1
        BIGRAM           02000-021EF             1F0           1
        CODE             00823-00D48             526           2
        CONST            00823-00D48             100           2
        ENTRY            00823-00D48             100           2
        IDLOC            08000-08003               4           2
        RAM              00067-0006F               9           1
                         000AC-000EF              44
                         00120-0016F              50
                         001A0-001EF              50
                         00220-0026F              50
                         002A0-002EF              50
                         00320-0032F              10
        SFR0             00000-0001F              20           1
        SFR1             00080-0009F              20           1
        SFR10            00500-0056F              70           1
        SFR11            00580-005EF              70           1
        SFR12            00600-0066F              70           1
        SFR13            00680-006EF              70           1
        SFR14            00700-0076F              70           1
        SFR15            00780-007EF              70           1
        SFR16            00800-0086F              70           1
        SFR17            00880-008EF              70           1
        SFR18            00900-0096F              70           1
        SFR19            00980-009EF              70           1
        SFR2             00100-0011F              20           1
        SFR20            00A00-00A6F              70           1
        SFR21            00A80-00AEF              70           1
        SFR22            00B00-00B6F              70           1
        SFR23            00B80-00BEF              70           1
        SFR24            00C00-00C6F              70           1
        SFR25            00C80-00CEF              70           1
        SFR26            00D00-00D6F              70           1
        SFR27            00D80-00DEF              70           1
        SFR28            00E00-00E6F              70           1
        SFR29            00E80-00EEF              70           1
        SFR3             00180-0019F              20           1
        SFR30            00F00-00F6F              70           1
        SFR31            00F80-00FEF              70           1
        SFR32            01000-0106F              70           1
        SFR33            01080-010EF              70           1
        SFR34            01100-0116F              70           1
        SFR35            01180-011EF              70           1
        SFR36            01200-0126F              70           1
        SFR37            01280-012EF              70           1
        SFR38            01300-0136F              70           1
        SFR39            01380-013EF              70           1
        SFR4             00200-0021F              20           1
        SFR40            01400-0146F              70           1
        SFR41            01480-014EF              70           1
        SFR42            01500-0156F              70           1
        SFR43            01580-015EF              70           1
        SFR44            01600-0166F              70           1
        SFR45            01680-016EF              70           1
        SFR46            01700-0176F              70           1
        SFR47            01780-017EF              70           1
        SFR48            01800-0186F              70           1
        SFR49            01880-018EF              70           1
        SFR5             00280-0029F              20           1
        SFR50            01900-0196F              70           1
        SFR51            01980-019EF              70           1
        SFR52            01A00-01A6F              70           1
        SFR53            01A80-01AEF              70           1
        SFR54            01B00-01B6F              70           1
        SFR55            01B80-01BEF              70           1
        SFR56            01C00-01C6F              70           1
        SFR57            01C80-01CEF              70           1
        SFR58            01D00-01D6F              70           1
        SFR59            01D80-01DEF              70           1
        SFR6             00300-0031F              20           1
        SFR60            01E00-01E6F              70           1
        SFR61            01E80-01EEF              70           1
        SFR62            01F00-01F6F              70           1
        SFR63            01F80-01FEF              70           1
        SFR7             00380-003EF              70           1
        SFR8             00400-0046F              70           1
        SFR9             00480-004EF              70           1
        STACK            0205C-021EF             194           1
        STRCODE          00823-00D48             526           2
        STRING           00823-00D48             100           2

                                  Symbol Table

?___lldiv                          cstackBANK0  0002C
?___lmul                           cstackBANK0  00020
ButtonCurrent@GPIOButtonPins       cstackCOMMON 00070
ButtonCurrent@port                 cstackCOMMON 00071
ButtonDebounceInit@i               cstackBANK0  00022
ButtonDebounceInit@port            cstackBANK0  00023
ButtonDebounceInit@pulledUpButtons cstackBANK0  00020
ButtonProcess@i                    cstackCOMMON 00074
ButtonProcess@lastDebouncedState   cstackCOMMON 00073
ButtonProcess@port                 cstackCOMMON 00075
ButtonProcess@portStatus           cstackCOMMON 00070
_ADACT                             (abs)        0009F
_ADCON0bits                        (abs)        0009D
_ADCON1bits                        (abs)        0009E
_ADRES                             (abs)        0009B
_ANSELAbits                        (abs)        01F38
_ANSELC                            (abs)        01F4E
_ButtonCurrent                     text13       00D4F
_ButtonDebounceInit                text10       00D73
_ButtonProcess                     text12       00EB4
_FVRCONbits                        (abs)        0090C
_GIE                               (abs)        0005F
_INTE                              (abs)        038B0
_IOCAF0                            (abs)        0F9F8
_IOCAF5                            (abs)        0F9FD
_IOCAN0                            (abs)        0F9F0
_IOCAP0                            (abs)        0F9E8
_IOCIE                             (abs)        038B4
_LATA1                             (abs)        000C1
_LATA2                             (abs)        000C2
_LATC0                             (abs)        000D0
_LATC1                             (abs)        000D1
_LATC2                             (abs)        000D2
_LATC3                             (abs)        000D3
_LATC4                             (abs)        000D4
_LATC5                             (abs)        000D5
_NVMADR                            (abs)        0081A
_NVMCON1bits                       (abs)        0081E
_OSCENbits                         (abs)        00891
_OSCFRQbits                        (abs)        00893
_PEIE                              (abs)        0005E
_PIR0bits                          (abs)        0070C
_PIR1bits                          (abs)        0070D
_PORTA                             (abs)        0000C
_PORTAbits                         (abs)        0000C
_PR2                               (abs)        0028D
_T0CON0bits                        (abs)        0059E
_T0CON1bits                        (abs)        0059F
_T2CLKCON                          (abs)        00290
_T2CONbits                         (abs)        0028E
_T2HLTbits                         (abs)        0028F
_TMR0IE                            (abs)        038B5
_TMR2IE                            (abs)        038BE
_TRISA0                            (abs)        00090
_TRISA1                            (abs)        00091
_TRISA2                            (abs)        00092
_TRISA3                            (abs)        00093
_TRISA4                            (abs)        00094
_TRISA5                            (abs)        00095
_TRISC0                            (abs)        000A0
_TRISC1                            (abs)        000A1
_TRISC2                            (abs)        000A2
_TRISC3                            (abs)        000A3
_TRISC4                            (abs)        000A4
_TRISC5                            (abs)        000A5
_WDTCONbits                        (abs)        0080C
_WPUA0                             (abs)        0F9C8
_WPUA3                             (abs)        0F9CB
__Habs1                            abs1         00000
__Hbank0                           bank0        00000
__Hbank1                           bank1        00000
__Hbank10                          bank10       00000
__Hbank11                          bank11       00000
__Hbank12                          bank12       00000
__Hbank13                          bank13       00000
__Hbank14                          bank14       00000
__Hbank15                          bank15       00000
__Hbank16                          bank16       00000
__Hbank17                          bank17       00000
__Hbank18                          bank18       00000
__Hbank19                          bank19       00000
__Hbank2                           bank2        00000
__Hbank20                          bank20       00000
__Hbank21                          bank21       00000
__Hbank22                          bank22       00000
__Hbank23                          bank23       00000
__Hbank24                          bank24       00000
__Hbank25                          bank25       00000
__Hbank26                          bank26       00000
__Hbank27                          bank27       00000
__Hbank28                          bank28       00000
__Hbank29                          bank29       00000
__Hbank3                           bank3        00000
__Hbank30                          bank30       00000
__Hbank31                          bank31       00000
__Hbank32                          bank32       00000
__Hbank33                          bank33       00000
__Hbank34                          bank34       00000
__Hbank35                          bank35       00000
__Hbank36                          bank36       00000
__Hbank37                          bank37       00000
__Hbank38                          bank38       00000
__Hbank39                          bank39       00000
__Hbank4                           bank4        00000
__Hbank40                          bank40       00000
__Hbank41                          bank41       00000
__Hbank42                          bank42       00000
__Hbank43                          bank43       00000
__Hbank44                          bank44       00000
__Hbank45                          bank45       00000
__Hbank46                          bank46       00000
__Hbank47                          bank47       00000
__Hbank48                          bank48       00000
__Hbank49                          bank49       00000
__Hbank5                           bank5        00000
__Hbank50                          bank50       00000
__Hbank51                          bank51       00000
__Hbank52                          bank52       00000
__Hbank53                          bank53       00000
__Hbank54                          bank54       00000
__Hbank55                          bank55       00000
__Hbank56                          bank56       00000
__Hbank57                          bank57       00000
__Hbank58                          bank58       00000
__Hbank59                          bank59       00000
__Hbank6                           bank6        00000
__Hbank60                          bank60       00000
__Hbank61                          bank61       00000
__Hbank62                          bank62       00000
__Hbank63                          bank63       00000
__Hbank7                           bank7        00000
__Hbank8                           bank8        00000
__Hbank9                           bank9        00000
__Hbigram                          bigram       00000
__HbitbssCOMMON                    bitbssCOMMON 00000
__HbssBANK0                        bssBANK0     00000
__HbssBANK1                        bssBANK1     00000
__HbssCOMMON                       bssCOMMON    00000
__Hcinit                           cinit        00109
__Hclrtext                         clrtext      00000
__Hcode                            code         00000
__Hcommon                          common       00000
__Hconfig                          config       0800C
__HcstackBANK0                     cstackBANK0  00000
__HcstackCOMMON                    cstackCOMMON 00000
__HdataBANK0                       dataBANK0    00000
__Heeprom_data                     eeprom_data  00000
__Hend_init                        end_init     000E8
__Hfunctab                         functab      00000
__HidataBANK0                      idataBANK0   00000
__Hinit                            init         000E6
__Hintentry                        intentry     000E6
__Hmaintext                        maintext     00000
__Hpowerup                         powerup      00000
__Hram                             ram          00000
__Hreset_vec                       reset_vec    00002
__Hsfr0                            sfr0         00000
__Hsfr1                            sfr1         00000
__Hsfr10                           sfr10        00000
__Hsfr11                           sfr11        00000
__Hsfr12                           sfr12        00000
__Hsfr13                           sfr13        00000
__Hsfr14                           sfr14        00000
__Hsfr15                           sfr15        00000
__Hsfr16                           sfr16        00000
__Hsfr17                           sfr17        00000
__Hsfr18                           sfr18        00000
__Hsfr19                           sfr19        00000
__Hsfr2                            sfr2         00000
__Hsfr20                           sfr20        00000
__Hsfr21                           sfr21        00000
__Hsfr22                           sfr22        00000
__Hsfr23                           sfr23        00000
__Hsfr24                           sfr24        00000
__Hsfr25                           sfr25        00000
__Hsfr26                           sfr26        00000
__Hsfr27                           sfr27        00000
__Hsfr28                           sfr28        00000
__Hsfr29                           sfr29        00000
__Hsfr3                            sfr3         00000
__Hsfr30                           sfr30        00000
__Hsfr31                           sfr31        00000
__Hsfr32                           sfr32        00000
__Hsfr33                           sfr33        00000
__Hsfr34                           sfr34        00000
__Hsfr35                           sfr35        00000
__Hsfr36                           sfr36        00000
__Hsfr37                           sfr37        00000
__Hsfr38                           sfr38        00000
__Hsfr39                           sfr39        00000
__Hsfr4                            sfr4         00000
__Hsfr40                           sfr40        00000
__Hsfr41                           sfr41        00000
__Hsfr42                           sfr42        00000
__Hsfr43                           sfr43        00000
__Hsfr44                           sfr44        00000
__Hsfr45                           sfr45        00000
__Hsfr46                           sfr46        00000
__Hsfr47                           sfr47        00000
__Hsfr48                           sfr48        00000
__Hsfr49                           sfr49        00000
__Hsfr5                            sfr5         00000
__Hsfr50                           sfr50        00000
__Hsfr51                           sfr51        00000
__Hsfr52                           sfr52        00000
__Hsfr53                           sfr53        00000
__Hsfr54                           sfr54        00000
__Hsfr55                           sfr55        00000
__Hsfr56                           sfr56        00000
__Hsfr57                           sfr57        00000
__Hsfr58                           sfr58        00000
__Hsfr59                           sfr59        00000
__Hsfr6                            sfr6         00000
__Hsfr60                           sfr60        00000
__Hsfr61                           sfr61        00000
__Hsfr62                           sfr62        00000
__Hsfr63                           sfr63        00000
__Hsfr7                            sfr7         00000
__Hsfr8                            sfr8         00000
__Hsfr9                            sfr9         00000
__Hspace_0                         (abs)        01000
__Hspace_1                         (abs)        003E9
__Hspace_2                         (abs)        00000
__Hspace_3                         (abs)        00000
__Hspace_4                         (abs)        10013
__Hstack                           stack        00000
__Hstrings                         strings      00000
__Hstringtext1                     stringtext1  00000
__Htext                            text         00000
__Labs1                            abs1         00000
__Lbank0                           bank0        00000
__Lbank1                           bank1        00000
__Lbank10                          bank10       00000
__Lbank11                          bank11       00000
__Lbank12                          bank12       00000
__Lbank13                          bank13       00000
__Lbank14                          bank14       00000
__Lbank15                          bank15       00000
__Lbank16                          bank16       00000
__Lbank17                          bank17       00000
__Lbank18                          bank18       00000
__Lbank19                          bank19       00000
__Lbank2                           bank2        00000
__Lbank20                          bank20       00000
__Lbank21                          bank21       00000
__Lbank22                          bank22       00000
__Lbank23                          bank23       00000
__Lbank24                          bank24       00000
__Lbank25                          bank25       00000
__Lbank26                          bank26       00000
__Lbank27                          bank27       00000
__Lbank28                          bank28       00000
__Lbank29                          bank29       00000
__Lbank3                           bank3        00000
__Lbank30                          bank30       00000
__Lbank31                          bank31       00000
__Lbank32                          bank32       00000
__Lbank33                          bank33       00000
__Lbank34                          bank34       00000
__Lbank35                          bank35       00000
__Lbank36                          bank36       00000
__Lbank37                          bank37       00000
__Lbank38                          bank38       00000
__Lbank39                          bank39       00000
__Lbank4                           bank4        00000
__Lbank40                          bank40       00000
__Lbank41                          bank41       00000
__Lbank42                          bank42       00000
__Lbank43                          bank43       00000
__Lbank44                          bank44       00000
__Lbank45                          bank45       00000
__Lbank46                          bank46       00000
__Lbank47                          bank47       00000
__Lbank48                          bank48       00000
__Lbank49                          bank49       00000
__Lbank5                           bank5        00000
__Lbank50                          bank50       00000
__Lbank51                          bank51       00000
__Lbank52                          bank52       00000
__Lbank53                          bank53       00000
__Lbank54                          bank54       00000
__Lbank55                          bank55       00000
__Lbank56                          bank56       00000
__Lbank57                          bank57       00000
__Lbank58                          bank58       00000
__Lbank59                          bank59       00000
__Lbank6                           bank6        00000
__Lbank60                          bank60       00000
__Lbank61                          bank61       00000
__Lbank62                          bank62       00000
__Lbank63                          bank63       00000
__Lbank7                           bank7        00000
__Lbank8                           bank8        00000
__Lbank9                           bank9        00000
__Lbigram                          bigram       00000
__LbitbssCOMMON                    bitbssCOMMON 00000
__LbssBANK0                        bssBANK0     00000
__LbssBANK1                        bssBANK1     00000
__LbssCOMMON                       bssCOMMON    00000
__Lcinit                           cinit        000E8
__Lclrtext                         clrtext      00000
__Lcode                            code         00000
__Lcommon                          common       00000
__Lconfig                          config       00000
__LcstackBANK0                     cstackBANK0  00000
__LcstackCOMMON                    cstackCOMMON 00000
__LdataBANK0                       dataBANK0    00000
__Leeprom_data                     eeprom_data  00000
__Lend_init                        end_init     000E6
__Lfunctab                         functab      00000
__LidataBANK0                      idataBANK0   00000
__Linit                            init         000E6
__Lintentry                        intentry     00004
__Lmaintext                        maintext     00000
__Lpowerup                         powerup      00000
__Lram                             ram          00000
__Lreset_vec                       reset_vec    00000
__Lsfr0                            sfr0         00000
__Lsfr1                            sfr1         00000
__Lsfr10                           sfr10        00000
__Lsfr11                           sfr11        00000
__Lsfr12                           sfr12        00000
__Lsfr13                           sfr13        00000
__Lsfr14                           sfr14        00000
__Lsfr15                           sfr15        00000
__Lsfr16                           sfr16        00000
__Lsfr17                           sfr17        00000
__Lsfr18                           sfr18        00000
__Lsfr19                           sfr19        00000
__Lsfr2                            sfr2         00000
__Lsfr20                           sfr20        00000
__Lsfr21                           sfr21        00000
__Lsfr22                           sfr22        00000
__Lsfr23                           sfr23        00000
__Lsfr24                           sfr24        00000
__Lsfr25                           sfr25        00000
__Lsfr26                           sfr26        00000
__Lsfr27                           sfr27        00000
__Lsfr28                           sfr28        00000
__Lsfr29                           sfr29        00000
__Lsfr3                            sfr3         00000
__Lsfr30                           sfr30        00000
__Lsfr31                           sfr31        00000
__Lsfr32                           sfr32        00000
__Lsfr33                           sfr33        00000
__Lsfr34                           sfr34        00000
__Lsfr35                           sfr35        00000
__Lsfr36                           sfr36        00000
__Lsfr37                           sfr37        00000
__Lsfr38                           sfr38        00000
__Lsfr39                           sfr39        00000
__Lsfr4                            sfr4         00000
__Lsfr40                           sfr40        00000
__Lsfr41                           sfr41        00000
__Lsfr42                           sfr42        00000
__Lsfr43                           sfr43        00000
__Lsfr44                           sfr44        00000
__Lsfr45                           sfr45        00000
__Lsfr46                           sfr46        00000
__Lsfr47                           sfr47        00000
__Lsfr48                           sfr48        00000
__Lsfr49                           sfr49        00000
__Lsfr5                            sfr5         00000
__Lsfr50                           sfr50        00000
__Lsfr51                           sfr51        00000
__Lsfr52                           sfr52        00000
__Lsfr53                           sfr53        00000
__Lsfr54                           sfr54        00000
__Lsfr55                           sfr55        00000
__Lsfr56                           sfr56        00000
__Lsfr57                           sfr57        00000
__Lsfr58                           sfr58        00000
__Lsfr59                           sfr59        00000
__Lsfr6                            sfr6         00000
__Lsfr60                           sfr60        00000
__Lsfr61                           sfr61        00000
__Lsfr62                           sfr62        00000
__Lsfr63                           sfr63        00000
__Lsfr7                            sfr7         00000
__Lsfr8                            sfr8         00000
__Lsfr9                            sfr9         00000
__Lspace_0                         (abs)        00000
__Lspace_1                         (abs)        00000
__Lspace_2                         (abs)        00000
__Lspace_3                         (abs)        00000
__Lspace_4                         (abs)        00000
__Lstack                           stack        00000
__Lstrings                         strings      00000
__Lstringtext1                     stringtext1  00000
__Ltext                            text         00000
__S0                               (abs)        01000
__S1                               (abs)        000AC
__S2                               (abs)        00000
___int_sp                          stack        00000
___latbits                         (abs)        00001
___lldiv                           text9        00E59
___lldiv@counter                   cstackBANK0  00039
___lldiv@dividend                  cstackBANK0  00030
___lldiv@divisor                   cstackBANK0  0002C
___lldiv@quotient                  cstackBANK0  00035
___lmul                            text8        00DCB
___lmul@multiplicand               cstackBANK0  00024
___lmul@multiplier                 cstackBANK0  00020
___lmul@product                    cstackBANK0  00028
___sp                              stack        00000
___stackhi                         (abs)        021EF
___stacklo                         (abs)        0205C
__end_of_ButtonCurrent             text13       00D57
__end_of_ButtonDebounceInit        text10       00D9F
__end_of_ButtonProcess             text12       00F13
__end_of___lldiv                   text9        00EB4
__end_of___lmul                    text8        00DFF
__end_of__initialization           cinit        00105
__end_of_blockingDelay             text7        00D63
__end_of_chargeIndicator           text6        01000
__end_of_doTheArc                  text2        00E59
__end_of_gargoyles                 text4        004FA
__end_of_goToLPmode                text1        00D73
__end_of_isr                       intentry     000E6
__end_of_main                      maintext     007FF
__end_of_notes                     stringtext1  00823
__end_of_playNote                  text5        00DCB
__end_of_sheRa                     text3        00717
__initialization                   cinit        000E8
__pbitbssCOMMON                    bitbssCOMMON 003E8
__pbssBANK0                        bssBANK0     00044
__pbssBANK1                        bssBANK1     000A0
__pbssCOMMON                       bssCOMMON    00079
__pcstackBANK0                     cstackBANK0  00020
__pcstackCOMMON                    cstackCOMMON 00070
__pdataBANK0                       dataBANK0    00065
__pidataBANK0                      idataBANK0   00002
__pintentry                        intentry     00004
__pmaintext                        maintext     00717
__pstringtext1                     stringtext1  007FF
__ptext1                           text1        00D63
__ptext10                          text10       00D73
__ptext12                          text12       00EB4
__ptext13                          text13       00D4F
__ptext2                           text2        00DFF
__ptext3                           text3        004FA
__ptext4                           text4        00109
__ptext5                           text5        00D9F
__ptext6                           text6        00F13
__ptext7                           text7        00D57
__ptext8                           text8        00DCB
__ptext9                           text9        00E59
__size_of_ButtonCurrent            (abs)        00000
__size_of_ButtonDebounceInit       (abs)        00000
__size_of_ButtonProcess            (abs)        00000
__size_of___lldiv                  (abs)        00000
__size_of___lmul                   (abs)        00000
__size_of_blockingDelay            (abs)        00000
__size_of_chargeIndicator          (abs)        00000
__size_of_doTheArc                 (abs)        00000
__size_of_gargoyles                (abs)        00000
__size_of_goToLPmode               (abs)        00000
__size_of_isr                      (abs)        00000
__size_of_main                     (abs)        00000
__size_of_playNote                 (abs)        00000
__size_of_sheRa                    (abs)        00000
_aPorts                            bssBANK1     000A0
_adcVolts                          bssBANK0     00048
_battVolts                         bssBANK0     0004A
_blockingDelay                     text7        00D57
_buttonDebounce                    bssCOMMON    0007B
_calibrationMV                     bssBANK0     00044
_chargeCycle                       bssBANK0     00062
_chargeIndicator                   text6        00F13
_chargeIndicator$1152              cstackBANK0  0003B
_charging                          bssBANK0     0004C
_clockDivider                      bssCOMMON    0007C
_debugging                         bssBANK0     00064
_doTheArc                          text2        00DFF
_forceArc                          bssBANK0     00060
_gargoyles                         text4        00109
_gate                              bssBANK0     0005E
_genericDelay                      bssCOMMON    00079
_goToLPmode                        text1        00D63
_gotTheTouch                       bssBANK0     0004E
_isr                               intentry     00004
_lowPowerMode                      bssBANK0     00052
_main                              maintext     00717
_noGate                            dataBANK0    00065
_notes                             stringtext1  007FF
_pinState                          bitbssCOMMON 003E8
_playNote                          text5        00D9F
_postscaler                        bssBANK0     0005A
_poweredOn                         bssBANK0     00056
_runIndex                          bssBANK0     00063
_sheRa                             text3        004FA
_showCharge                        bssBANK0     00054
blockingDelay@mSecs                cstackBANK0  00020
btemp                              (abs)        0007E
clear_ram0                         clrtext      00D49
end_of_initialization              cinit        00105
int$flags                          (abs)        0007E
intlevel0                          functab      00000
intlevel1                          functab      00000
intlevel2                          functab      00000
intlevel3                          functab      00000
intlevel4                          functab      00000
intlevel5                          functab      00000
playNote@duration                  cstackBANK0  00022
playNote@note                      cstackBANK0  00024
reset_vec                          reset_vec    00000
start                              init         000E6
start_initialization               cinit        000E8
wtemp0                             (abs)        0007E


MODULE INFORMATION

Module		Function		Class		Link	Load	Size
source/button_debounce.c
		_ButtonProcess 		CODE           	0EB4	0000	95
		_ButtonCurrent 		CODE           	0D4F	0000	8
		_ButtonDebounceInit		CODE           	0D73	0000	44

source/button_debounce.c estimated size: 147

shared
		_notes         		STRCODE        	07FF	0000	36
		__initialization		CODE           	00E8	0000	29

shared estimated size: 65

C:\Program Files\Microchip\xc8\v2.32\pic\sources\c99\common\Umul32.c
		___lmul        		CODE           	0DCB	0000	52

C:\Program Files\Microchip\xc8\v2.32\pic\sources\c99\common\Umul32.c estimated size: 52

C:\Program Files\Microchip\xc8\v2.32\pic\sources\c99\common\__lldiv.c
		___lldiv       		CODE           	0E59	0000	91

C:\Program Files\Microchip\xc8\v2.32\pic\sources\c99\common\__lldiv.c estimated size: 91

main.c
		_gargoyles     		CODE           	0109	0000	1009
		_blockingDelay 		CODE           	0D57	0000	12
		_doTheArc      		CODE           	0DFF	0000	90
		_main          		CODE           	0717	0000	232
		_goToLPmode    		CODE           	0D63	0000	16
		_isr           		CODE           	0004	0000	226
		_playNote      		CODE           	0D9F	0000	44
		_sheRa         		CODE           	04FA	0000	541
		_chargeIndicator		CODE           	0F13	0000	237

main.c estimated size: 2407

